[2026-08-05 09:30:47,006: INFO/MainProcess] Connected to redis://redis:6379/0
[2026-08-05 09:30:47,016: INFO/MainProcess] mingle: searching for neighbors
[2026-08-05 09:30:48,029: INFO/MainProcess] mingle: all alone
[2026-08-05 09:30:48,049: INFO/MainProcess] celery@605ba77d7e3e ready.
[2026-08-05 09:30:52,779: INFO/MainProcess] Events of group {task} enabled by remote.
[2026-08-05 15:40:58,909: INFO/MainProcess] Connected to redis://redis:6379/0
[2026-08-05 15:40:58,915: INFO/MainProcess] mingle: searching for neighbors
[2026-08-05 15:40:59,928: INFO/MainProcess] mingle: all alone
[2026-08-05 15:40:59,953: INFO/MainProcess] celery@05730e7a7711 ready.
[2026-08-05 15:41:08,745: INFO/MainProcess] Events of group {task} enabled by remote.
[2026-08-05 16:08:17,843: INFO/MainProcess] Connected to redis://redis:6379/0
[2026-08-05 16:08:17,854: INFO/MainProcess] mingle: searching for neighbors
[2026-08-05 16:08:18,866: INFO/MainProcess] mingle: all alone
[2026-08-05 16:08:18,884: INFO/MainProcess] celery@05730e7a7711 ready.
[2026-08-05 16:08:22,575: INFO/MainProcess] Events of group {task} enabled by remote.
[2026-08-05 16:43:02,193: INFO/MainProcess] Connected to redis://redis:6379/0
[2026-08-05 16:43:02,200: INFO/MainProcess] mingle: searching for neighbors
[2026-08-05 16:43:03,212: INFO/MainProcess] mingle: all alone
[2026-08-05 16:43:03,233: INFO/MainProcess] celery@05730e7a7711 ready.
[2026-08-05 16:43:04,316: INFO/MainProcess] Events of group {task} enabled by remote.
[2026-08-05 16:44:31,074: INFO/MainProcess] Connected to redis://redis:6379/0
[2026-08-05 16:44:31,080: INFO/MainProcess] mingle: searching for neighbors
[2026-08-05 16:44:32,092: INFO/MainProcess] mingle: all alone
[2026-08-05 16:44:32,113: INFO/MainProcess] celery@6675486991f6 ready.
[2026-08-05 16:44:32,449: INFO/MainProcess] Events of group {task} enabled by remote.
[2026-08-05 16:46:59,128: INFO/MainProcess] Connected to redis://redis:6379/0
[2026-08-05 16:46:59,134: INFO/MainProcess] mingle: searching for neighbors
[2026-08-05 16:47:00,147: INFO/MainProcess] mingle: all alone
[2026-08-05 16:47:00,168: INFO/MainProcess] celery@6675486991f6 ready.
[2026-08-05 16:47:04,170: INFO/MainProcess] Events of group {task} enabled by remote.
[2026-08-06 09:58:02,352: INFO/MainProcess] Connected to redis://redis:6379/0
[2026-08-06 09:58:02,360: INFO/MainProcess] mingle: searching for neighbors
[2026-08-06 09:58:03,375: INFO/MainProcess] mingle: all alone
[2026-08-06 09:58:03,398: INFO/MainProcess] celery@d10301b11193 ready.
[2026-08-06 09:58:07,131: INFO/MainProcess] Events of group {task} enabled by remote.
[2026-08-06 10:08:38,881: INFO/MainProcess] Connected to redis://redis:6379/0
[2026-08-06 10:08:38,889: INFO/MainProcess] mingle: searching for neighbors
[2026-08-06 10:08:39,906: INFO/MainProcess] mingle: all alone
[2026-08-06 10:08:39,928: INFO/MainProcess] celery@d10301b11193 ready.
[2026-08-06 10:08:42,937: INFO/MainProcess] Events of group {task} enabled by remote.
[2026-08-06 10:16:13,380: INFO/MainProcess] Connected to redis://redis:6379/0
[2026-08-06 10:16:13,387: INFO/MainProcess] mingle: searching for neighbors
[2026-08-06 10:16:14,401: INFO/MainProcess] mingle: all alone
[2026-08-06 10:16:14,423: INFO/MainProcess] celery@d10301b11193 ready.
[2026-08-06 10:16:15,083: INFO/MainProcess] Events of group {task} enabled by remote.
[2026-08-06 10:17:38,686: INFO/MainProcess] Connected to redis://redis:6379/0
[2026-08-06 10:17:38,698: INFO/MainProcess] mingle: searching for neighbors
[2026-08-06 10:17:39,711: INFO/MainProcess] mingle: all alone
[2026-08-06 10:17:39,730: INFO/MainProcess] celery@d10301b11193 ready.
[2026-08-06 10:17:41,367: INFO/MainProcess] Events of group {task} enabled by remote.
[2026-08-06 10:23:36,564: INFO/MainProcess] Connected to redis://redis:6379/0
[2026-08-06 10:23:36,570: INFO/MainProcess] mingle: searching for neighbors
[2026-08-06 10:23:37,584: INFO/MainProcess] mingle: all alone
[2026-08-06 10:23:37,606: INFO/MainProcess] celery@d10301b11193 ready.
[2026-08-06 10:23:41,313: INFO/MainProcess] Events of group {task} enabled by remote.
[2026-08-06 14:23:59,227: INFO/MainProcess] Connected to redis://redis:6379/0
[2026-08-06 14:23:59,235: INFO/MainProcess] mingle: searching for neighbors
[2026-08-06 14:24:00,253: INFO/MainProcess] mingle: all alone
[2026-08-06 14:24:00,284: INFO/MainProcess] celery@95b60df5b613 ready.
[2026-08-06 14:24:03,897: INFO/MainProcess] Events of group {task} enabled by remote.
[2026-08-06 14:28:35,888: INFO/MainProcess] Connected to redis://redis:6379/0
[2026-08-06 14:28:35,896: INFO/MainProcess] mingle: searching for neighbors
[2026-08-06 14:28:36,912: INFO/MainProcess] mingle: all alone
[2026-08-06 14:28:36,938: INFO/MainProcess] celery@95b60df5b613 ready.
[2026-08-06 14:28:39,845: INFO/MainProcess] Events of group {task} enabled by remote.
[2026-08-07 07:24:00,894: INFO/MainProcess] Connected to redis://redis:6379/0
[2026-08-07 07:24:00,902: INFO/MainProcess] mingle: searching for neighbors
[2026-08-07 07:24:01,919: INFO/MainProcess] mingle: all alone
[2026-08-07 07:24:01,944: INFO/MainProcess] celery@bd2af26718f9 ready.
[2026-08-07 07:24:05,793: INFO/MainProcess] Events of group {task} enabled by remote.
[2026-08-07 07:28:17,779: INFO/MainProcess] Connected to redis://redis:6379/0
[2026-08-07 07:28:17,786: INFO/MainProcess] mingle: searching for neighbors
[2026-08-07 07:28:18,801: INFO/MainProcess] mingle: all alone
[2026-08-07 07:28:18,822: INFO/MainProcess] celery@bd2af26718f9 ready.
[2026-08-07 07:28:22,309: INFO/MainProcess] Events of group {task} enabled by remote.
[2026-08-07 07:48:47,820: INFO/MainProcess] Connected to redis://redis:6379/0
[2026-08-07 07:48:47,827: INFO/MainProcess] mingle: searching for neighbors
[2026-08-07 07:48:48,841: INFO/MainProcess] mingle: all alone
[2026-08-07 07:48:48,863: INFO/MainProcess] celery@00f1134d4af1 ready.
[2026-08-07 07:48:53,569: INFO/MainProcess] Events of group {task} enabled by remote.
[2026-08-07 07:49:42,417: INFO/MainProcess] Connected to redis://redis:6379/0
[2026-08-07 07:49:42,424: INFO/MainProcess] mingle: searching for neighbors
[2026-08-07 07:49:43,438: INFO/MainProcess] mingle: all alone
[2026-08-07 07:49:43,459: INFO/MainProcess] celery@00f1134d4af1 ready.
[2026-08-07 07:49:47,385: INFO/MainProcess] Events of group {task} enabled by remote.
[2026-08-07 07:53:28,690: INFO/MainProcess] Connected to redis://redis:6379/0
[2026-08-07 07:53:28,698: INFO/MainProcess] mingle: searching for neighbors
[2026-08-07 07:53:29,714: INFO/MainProcess] mingle: all alone
[2026-08-07 07:53:29,736: INFO/MainProcess] celery@7afd288b916f ready.
[2026-08-07 07:53:34,493: INFO/MainProcess] Events of group {task} enabled by remote.
[2026-08-07 07:53:54,126: INFO/MainProcess] Connected to redis://redis:6379/0
[2026-08-07 07:53:54,133: INFO/MainProcess] mingle: searching for neighbors
[2026-08-07 07:53:55,147: INFO/MainProcess] mingle: all alone
[2026-08-07 07:53:55,169: INFO/MainProcess] celery@114cb5bc73bc ready.
[2026-08-07 07:53:59,940: INFO/MainProcess] Events of group {task} enabled by remote.
[2026-08-07 07:54:16,679: INFO/MainProcess] Connected to redis://redis:6379/0
[2026-08-07 07:54:16,686: INFO/MainProcess] mingle: searching for neighbors
[2026-08-07 07:54:17,702: INFO/MainProcess] mingle: all alone
[2026-08-07 07:54:17,724: INFO/MainProcess] celery@114cb5bc73bc ready.
[2026-08-07 07:54:18,452: INFO/MainProcess] Events of group {task} enabled by remote.
[2026-08-07 08:08:08,313: INFO/MainProcess] Connected to redis://redis:6379/0
[2026-08-07 08:08:08,325: INFO/MainProcess] mingle: searching for neighbors
[2026-08-07 08:08:09,339: INFO/MainProcess] mingle: all alone
[2026-08-07 08:08:09,358: INFO/MainProcess] celery@b1181ea895ce ready.
[2026-08-07 08:08:13,944: INFO/MainProcess] Events of group {task} enabled by remote.
[2026-08-07 08:11:32,845: INFO/MainProcess] Connected to redis://redis:6379/0
[2026-08-07 08:11:32,851: INFO/MainProcess] mingle: searching for neighbors
[2026-08-07 08:11:33,866: INFO/MainProcess] mingle: all alone
[2026-08-07 08:11:33,887: INFO/MainProcess] celery@8c229b7693ec ready.
[2026-08-07 08:19:30,789: INFO/MainProcess] Connected to redis://redis:6379/0
[2026-08-07 08:19:30,796: INFO/MainProcess] mingle: searching for neighbors
[2026-08-07 08:19:31,810: INFO/MainProcess] mingle: all alone
[2026-08-07 08:19:31,832: INFO/MainProcess] celery@73cfc196e34c ready.
[2026-08-07 08:19:36,711: INFO/MainProcess] Events of group {task} enabled by remote.
[2026-08-07 09:00:11,732: INFO/MainProcess] Task tasks.check_for_users_birthday[16ee1646-bcec-4343-b4f6-f541f29789c1] received
[2026-08-07 09:00:11,735: INFO/ForkPoolWorker-14] tasks.check_for_users_birthday[16ee1646-bcec-4343-b4f6-f541f29789c1]: Start check_for_users_birthday
[2026-08-07 09:00:11,737: INFO/ForkPoolWorker-14] tasks.check_for_users_birthday[16ee1646-bcec-4343-b4f6-f541f29789c1]: current_date = datetime.date(2026, 8, 7)
[2026-08-07 09:00:11,866: INFO/ForkPoolWorker-14] tasks.check_for_users_birthday[16ee1646-bcec-4343-b4f6-f541f29789c1]: Users: []
[2026-08-07 09:00:11,875: INFO/ForkPoolWorker-14] Task tasks.check_for_users_birthday[16ee1646-bcec-4343-b4f6-f541f29789c1] succeeded in 0.13992403499923967s: None
[2026-08-07 11:14:26,922: INFO/MainProcess] Connected to redis://redis:6379/0
[2026-08-07 11:14:26,929: INFO/MainProcess] mingle: searching for neighbors
[2026-08-07 11:14:27,946: INFO/MainProcess] mingle: all alone
[2026-08-07 11:14:27,979: INFO/MainProcess] celery@f394a3465ca1 ready.
[2026-08-07 11:14:29,448: INFO/MainProcess] Events of group {task} enabled by remote.
